2026-01-14 22:46:28.345 - DBeaver 25.3.2.202601041801 is starting
2026-01-14 22:46:28.352 - OS: Windows 11 10.0 (amd64)
2026-01-14 22:46:28.352 - Java version: 21.0.8 by Eclipse Adoptium (64bit)
2026-01-14 22:46:28.353 - Install path: 'C:\Program Files\DBeaver'
2026-01-14 22:46:28.353 - Instance path: 'file:/S:/Desarrollos/MyPython/PySide6/ARKToolsPC/arktooldatabase/'
2026-01-14 22:46:28.354 - Memory available 64Mb/1024Mb
2026-01-14 22:46:28.364 - Create display
2026-01-14 22:46:28.462 - Initialize desktop platform...
2026-01-14 22:46:28.571 - BounceCastle bundle found. Use JCE provider BC
> Start Core File Systems [org.eclipse.core.filesystem 1.11.400.v20251107-0507]
> Start Core Resource Management [org.eclipse.core.resources 3.23.100.v20251106-1705]
> Start Núcleo del equipo de soporte [org.eclipse.team.core 3.10.900.v20251104-0924]
> Start DBeaver UI Navigator [org.jkiss.dbeaver.ui.navigator 1.0.170.202601041801]
2026-01-14 22:46:28.737 - Initialize base platform...
2026-01-14 22:46:28.749 - send collected statistics
2026-01-14 22:46:28.758 - Platform initialized (296ms)
> Start Equinox Java Authentication and Authorization Service (JAAS) [org.eclipse.equinox.security 1.4.700.v20250622-1644]
> Start Interfaz de usuario de manejo de conexión a Internet [org.eclipse.ui.net 1.5.500.v20250611-0855]
> Start Internet Connection Management [org.eclipse.core.net 1.5.800.v20250613-1119]
2026-01-14 22:46:28.889 - Proxy service 'org.eclipse.core.net.proxy.IProxyService' loaded
2026-01-14 22:46:28.919 - Starting instance server at http://localhost:63735
2026-01-14 22:46:28.926 - Run workbench
> Start SWT del banco de trabajo de Eclipse e4 [org.eclipse.e4.ui.workbench.swt 0.17.1000.v20251023-0611]
> Start Eclipse Application Services [org.eclipse.e4.core.services 2.5.300.v20251112-1253]
> Start Eclipse UI Application Services [org.eclipse.e4.ui.services 1.6.600.v20251023-1358]
> Start Eclipse e4 Progress View [org.eclipse.e4.ui.progress 0.4.900.v20251023-1511]
> Start Eclipse Bindings Support [org.eclipse.e4.ui.bindings 0.14.800.v20250916-0937]
> Start Eclipse e4 core commands [org.eclipse.e4.core.commands 1.1.700.v20250916-0927]
> Start EMF XML/XMI Persistence [org.eclipse.emf.ecore.xmi 2.39.0.v20250910-1205]
> Start Eclipse CSS SWT Theme Support [org.eclipse.e4.ui.css.swt.theme 0.14.600.v20251023-0615]
> Start Extensiones del banco de trabajo de Eclipse e4 [org.eclipse.e4.ui.workbench.addons.swt 1.5.900.v20251007-0832]
Warning: NLS unused message: WorkbenchPreference_reuseEditorsThreshold in: org.eclipse.ui.internal.messages
Warning: NLS unused message: Workbench_missingPropertyMessage in: org.eclipse.ui.internal.messages
> Start Renderizador SWT del banco de trabajo de Eclipse e4 [org.eclipse.e4.ui.workbench.renderers.swt 0.16.1000.v20251114-0005]
> Start Eclipse Dependency Injection Extensions [org.eclipse.e4.core.di.extensions 0.18.300.v20240413-1529]
> Start DBeaver AI Model [org.jkiss.dbeaver.model.ai 2.0.13.202601041801]
> Start DBeaver AI UI [org.jkiss.dbeaver.ui.ai 1.0.72.202601041801]
> Start Eclipse CSS SWT Support [org.eclipse.e4.ui.css.swt 0.15.700.v20251023-1511]
Warning: NLS unused message: UriHandlerPreferencePage_Warning_OtherApp in: org.eclipse.ui.internal.ide.messages
> Start JFace [org.eclipse.jface.text 3.29.0.v20251112-0859]
> Start Editor de texto predeterminado [org.eclipse.ui.editors 3.20.200.v20251125-0939]
> Start Entorno de trabajo [org.eclipse.ui.workbench.texteditor 3.19.400.v20251105-0815]
2026-01-14 22:46:30.489 - Configure workbench window
> Start DBeaver SQL Model [org.jkiss.dbeaver.model.sql 1.0.160.202601041801]
2026-01-14 22:46:30.513 - No SQL dialect specified for data source provider 'stream'. Use default.
2026-01-14 22:46:30.657 - Total database drivers: 127 (127)
> Start Núcleo del sistema de ayuda [org.eclipse.help 3.10.600.v20250613-0437]
2026-01-14 22:46:30.724 - Create actions
2026-01-14 22:46:31.293 - Initialize workbench window
2026-01-14 22:46:31.306 - Finish initialization
> Start DBeaver UI Editors - Data [org.jkiss.dbeaver.ui.editors.data 1.0.170.202601041801]
> Start DBeaver UI Editors - SQL [org.jkiss.dbeaver.ui.editors.sql 1.0.170.202601041801]
> Start DBeaver Sample Database [org.jkiss.dbeaver.ui.config.sample 1.0.207.202601041801]
2026-01-14 22:46:33.236 - Open [https://dbeaver.io/product/version.xml]
> Start DBeaver Dashboard UI [org.jkiss.dbeaver.ui.dashboard 1.0.167.202601041801]
> Start GEF Classic Draw2d [org.eclipse.draw2d 3.21.0.202512020742]
> Start GEF Classic GEF (MVC) [org.eclipse.gef 3.24.0.202511201732]
> Start DBeaver ERD UI [org.jkiss.dbeaver.ui.editors.erd 3.1.11.202601041801]
> Start DBeaver ERD Model [org.jkiss.dbeaver.model.erd 1.1.11.202601041801]
2026-01-14 22:46:33.674 - Connect with 'ArkToolsBD.sqlite' (sqlite_jdbc-19ba64e1cb0-37b25e9d1149d2e4)
> Start DBeaver JDBC Model [org.jkiss.dbeaver.model.jdbc 1.0.63.202601041801]
> Start DBeaver Generic Plug-in [org.jkiss.dbeaver.ext.generic 2.3.256.202601041801]
> Start DBeaver SQLite Model [org.jkiss.dbeaver.ext.sqlite 1.0.219.202601041801]
2026-01-14 22:46:33.741 - Execution context opened (ArkToolsBD.sqlite; Main; 0)
2026-01-14 22:46:34.004 - Connected (sqlite_jdbc-19ba64e1cb0-37b25e9d1149d2e4, SQLite JDBC [3.51.1.0])
> Start DBeaver UI Editors - Entity [org.jkiss.dbeaver.ui.editors.entity 1.0.170.202601041801]
2026-01-15 00:39:53.352 - Dispose navigator model
2026-01-15 00:39:53.376 - DBeaver is stopping
2026-01-15 00:39:53.378 - Stop instance server
2026-01-15 00:39:54.382 - Instance server has been stopped
2026-01-15 00:39:54.382 - DBeaver shutdown completed
