2026-01-17 14:06:12.901 - DBeaver 25.3.2.202601041801 is starting
2026-01-17 14:06:12.902 - OS: Windows 11 10.0 (amd64)
2026-01-17 14:06:12.902 - Java version: 21.0.8 by Eclipse Adoptium (64bit)
2026-01-17 14:06:12.902 - Install path: 'C:\Program Files\DBeaver'
2026-01-17 14:06:12.902 - Instance path: 'file:/S:/Desarrollos/MyPython/PySide6/ARKToolsPC/arktooldatabase/'
2026-01-17 14:06:12.904 - Memory available 64Mb/1024Mb
2026-01-17 14:06:12.913 - Create display
2026-01-17 14:06:13.003 - Initialize desktop platform...
2026-01-17 14:06:13.114 - BounceCastle bundle found. Use JCE provider BC
> Start Core File Systems [org.eclipse.core.filesystem 1.11.400.v20251107-0507]
> Start Core Resource Management [org.eclipse.core.resources 3.23.100.v20251106-1705]
> Start Núcleo del equipo de soporte [org.eclipse.team.core 3.10.900.v20251104-0924]
> Start DBeaver UI Navigator [org.jkiss.dbeaver.ui.navigator 1.0.170.202601041801]
2026-01-17 14:06:13.274 - Initialize base platform...
2026-01-17 14:06:13.285 - send collected statistics
2026-01-17 14:06:13.295 - Platform initialized (292ms)
> Start Equinox Java Authentication and Authorization Service (JAAS) [org.eclipse.equinox.security 1.4.700.v20250622-1644]
> Start Interfaz de usuario de manejo de conexión a Internet [org.eclipse.ui.net 1.5.500.v20250611-0855]
> Start Internet Connection Management [org.eclipse.core.net 1.5.800.v20250613-1119]
2026-01-17 14:06:13.395 - Proxy service 'org.eclipse.core.net.proxy.IProxyService' loaded
2026-01-17 14:06:13.428 - Starting instance server at http://localhost:56900
2026-01-17 14:06:13.433 - Run workbench
> Start SWT del banco de trabajo de Eclipse e4 [org.eclipse.e4.ui.workbench.swt 0.17.1000.v20251023-0611]
> Start Eclipse Application Services [org.eclipse.e4.core.services 2.5.300.v20251112-1253]
> Start Eclipse UI Application Services [org.eclipse.e4.ui.services 1.6.600.v20251023-1358]
> Start Eclipse e4 Progress View [org.eclipse.e4.ui.progress 0.4.900.v20251023-1511]
> Start Eclipse Bindings Support [org.eclipse.e4.ui.bindings 0.14.800.v20250916-0937]
> Start Eclipse e4 core commands [org.eclipse.e4.core.commands 1.1.700.v20250916-0927]
> Start EMF XML/XMI Persistence [org.eclipse.emf.ecore.xmi 2.39.0.v20250910-1205]
> Start Eclipse CSS SWT Theme Support [org.eclipse.e4.ui.css.swt.theme 0.14.600.v20251023-0615]
> Start Extensiones del banco de trabajo de Eclipse e4 [org.eclipse.e4.ui.workbench.addons.swt 1.5.900.v20251007-0832]
Warning: NLS unused message: WorkbenchPreference_reuseEditorsThreshold in: org.eclipse.ui.internal.messages
Warning: NLS unused message: Workbench_missingPropertyMessage in: org.eclipse.ui.internal.messages
> Start Renderizador SWT del banco de trabajo de Eclipse e4 [org.eclipse.e4.ui.workbench.renderers.swt 0.16.1000.v20251114-0005]
> Start Eclipse Dependency Injection Extensions [org.eclipse.e4.core.di.extensions 0.18.300.v20240413-1529]
> Start DBeaver AI Model [org.jkiss.dbeaver.model.ai 2.0.13.202601041801]
> Start DBeaver AI UI [org.jkiss.dbeaver.ui.ai 1.0.72.202601041801]
> Start Eclipse CSS SWT Support [org.eclipse.e4.ui.css.swt 0.15.700.v20251023-1511]
Warning: NLS unused message: UriHandlerPreferencePage_Warning_OtherApp in: org.eclipse.ui.internal.ide.messages
> Start JFace [org.eclipse.jface.text 3.29.0.v20251112-0859]
> Start Editor de texto predeterminado [org.eclipse.ui.editors 3.20.200.v20251125-0939]
> Start Entorno de trabajo [org.eclipse.ui.workbench.texteditor 3.19.400.v20251105-0815]
2026-01-17 14:06:15.127 - Configure workbench window
> Start DBeaver SQL Model [org.jkiss.dbeaver.model.sql 1.0.160.202601041801]
2026-01-17 14:06:15.150 - No SQL dialect specified for data source provider 'stream'. Use default.
2026-01-17 14:06:15.274 - Total database drivers: 127 (127)
> Start Núcleo del sistema de ayuda [org.eclipse.help 3.10.600.v20250613-0437]
2026-01-17 14:06:15.334 - Create actions
2026-01-17 14:06:15.839 - Initialize workbench window
2026-01-17 14:06:15.853 - Finish initialization
> Start DBeaver UI Editors - SQL [org.jkiss.dbeaver.ui.editors.sql 1.0.170.202601041801]
> Start DBeaver Sample Database [org.jkiss.dbeaver.ui.config.sample 1.0.207.202601041801]
> Start DBeaver UI Editors - Data [org.jkiss.dbeaver.ui.editors.data 1.0.170.202601041801]
> Start DBeaver Dashboard UI [org.jkiss.dbeaver.ui.dashboard 1.0.167.202601041801]
> Start GEF Classic Draw2d [org.eclipse.draw2d 3.21.0.202512020742]
> Start GEF Classic GEF (MVC) [org.eclipse.gef 3.24.0.202511201732]
> Start DBeaver ERD UI [org.jkiss.dbeaver.ui.editors.erd 3.1.11.202601041801]
> Start DBeaver ERD Model [org.jkiss.dbeaver.model.erd 1.1.11.202601041801]
2026-01-17 14:06:54.472 - Connect with 'NAUTILUS' (mariaDB-19bca17c439-14bc9eb9e6bd0032)
> Start DBeaver JDBC Model [org.jkiss.dbeaver.model.jdbc 1.0.63.202601041801]
> Start DBeaver MySQL Support [org.jkiss.dbeaver.ext.mysql 2.1.255.202601041801]
2026-01-17 14:06:54.503 - Execution context opened (NAUTILUS; Main; 0)
> Start DBeaver GIS Support [org.jkiss.dbeaver.data.gis 1.0.194.202601041801]
2026-01-17 14:06:54.609 - Execution context opened (NAUTILUS; Metadata; 1)
2026-01-17 14:06:54.648 - Connected (mariaDB-19bca17c439-14bc9eb9e6bd0032, MariaDB Connector/J [3.5.2])
> Start DBeaver Tasks View [org.jkiss.dbeaver.tasks.ui.view 1.0.119.202601041801]
> Start DBeaver Tasks - General UI [org.jkiss.dbeaver.tasks.ui 1.0.148.202601041801]
Warning: NLS unused message: FindReplace_RegExCheckbox_label in: org.eclipse.ui.texteditor.EditorMessages
Warning: NLS unused message: FindReplace_Status_wrapped_label in: org.eclipse.ui.texteditor.EditorMessages
Warning: NLS unused message: FindReplace_WrapCheckBox_label in: org.eclipse.ui.texteditor.EditorMessages
Warning: NLS unused message: FindReplace_Options in: org.eclipse.ui.texteditor.EditorMessages
Warning: NLS unused message: FindReplace_ReplaceSelectionButton_label in: org.eclipse.ui.texteditor.EditorMessages
Warning: NLS unused message: FindReplace_SelectedRangeRadioButton_label in: org.eclipse.ui.texteditor.EditorMessages
Warning: NLS unused message: FindReplace_Status_noMatchWithValue_label in: org.eclipse.ui.texteditor.EditorMessages
Warning: NLS unused message: FindReplace_SelectAllButton_label in: org.eclipse.ui.texteditor.EditorMessages
Warning: NLS unused message: FindReplace_Status_noMatch_label in: org.eclipse.ui.texteditor.EditorMessages
Warning: NLS unused message: FindReplace_GlobalRadioButton_label in: org.eclipse.ui.texteditor.EditorMessages
Warning: NLS unused message: FindReplace_WholeWordCheckBox_label in: org.eclipse.ui.texteditor.EditorMessages
Warning: NLS unused message: FindReplace_ReplaceFindButton_label in: org.eclipse.ui.texteditor.EditorMessages
Warning: NLS unused message: FindReplace_BackwardRadioButton_label in: org.eclipse.ui.texteditor.EditorMessages
Warning: NLS unused message: FindReplace_CloseButton_label in: org.eclipse.ui.texteditor.EditorMessages
Warning: NLS unused message: FindReplace_Replace_label in: org.eclipse.ui.texteditor.EditorMessages
Warning: NLS unused message: FindReplace_Status_selection_label in: org.eclipse.ui.texteditor.EditorMessages
Warning: NLS unused message: FindReplace_CaseCheckBox_label in: org.eclipse.ui.texteditor.EditorMessages
Warning: NLS unused message: FindReplace_Status_replacement_label in: org.eclipse.ui.texteditor.EditorMessages
Warning: NLS unused message: FindReplace_Status_selections_label in: org.eclipse.ui.texteditor.EditorMessages
Warning: NLS unused message: FindReplace_Status_replacements_label in: org.eclipse.ui.texteditor.EditorMessages
Warning: NLS unused message: FindReplace_title in: org.eclipse.ui.texteditor.EditorMessages
Warning: NLS unused message: FindReplace_Direction in: org.eclipse.ui.texteditor.EditorMessages
Warning: NLS unused message: FindReplace_ReplaceAllButton_label in: org.eclipse.ui.texteditor.EditorMessages
Warning: NLS unused message: FindReplace_Scope in: org.eclipse.ui.texteditor.EditorMessages
Warning: NLS unused message: FindReplace_Find_label in: org.eclipse.ui.texteditor.EditorMessages
Warning: NLS unused message: FindReplace_ForwardRadioButton_label in: org.eclipse.ui.texteditor.EditorMessages
Warning: NLS unused message: FindReplace_FindNextButton_label in: org.eclipse.ui.texteditor.EditorMessages
> Start DBeaver SQL Terminal [org.jkiss.dbeaver.ui.editors.sql.terminal 1.0.146.202601041801]
> Start Soporte de Core Compare [org.eclipse.compare.core 3.8.800.v20250718-1505]
> Start Consola [org.eclipse.ui.console 3.15.0.v20251113-1013]
> Start Núcleo de depuración [org.eclipse.debug.core 3.23.200.v20251107-0507]
2026-01-17 14:07:50.489 - Execution context opened (NAUTILUS; SQLEditor <Script-1.sql>; 2)
> Start DBeaver Tasks - Native Tools UI [org.jkiss.dbeaver.tasks.native.ui 1.0.148.202601041801]
> Start DBeaver MySQL UI Support [org.jkiss.dbeaver.ext.mysql.ui 1.0.162.202601041801]
> Start DBeaver SQL Language Semantic Model [org.jkiss.dbeaver.model.lsm 1.0.65.202601041801]
2026-01-17 14:52:54.076 - Execution context closed (NAUTILUS, 2)
2026-01-17 14:54:23.691 - Execution context opened (NAUTILUS; SQLEditor <Script-1.sql>; 3)
2026-01-17 15:02:49.443 - Execution context closed (NAUTILUS, 3)
2026-01-17 15:02:56.608 - Execution context opened (NAUTILUS; SQLEditor <Script-2.sql>; 4)
2026-01-17 15:14:47.208 - Execution context closed (NAUTILUS, 4)
2026-01-17 15:14:53.640 - Execution context opened (NAUTILUS; SQLEditor <Script-3.sql>; 5)
> Start DBeaver Data Transfer [org.jkiss.dbeaver.data.transfer 2.0.154.202601041801]
2026-01-17 15:17:23.965 - Execution context opened (NAUTILUS; SQLEditor <QueryManager>; 6)
2026-01-17 15:17:42.734 - Execution context closed (NAUTILUS, 6)
2026-01-17 15:21:00.632 - Execution context closed (NAUTILUS, 5)
2026-01-17 22:42:40.242 - Execution context closed (NAUTILUS, 0)
2026-01-17 22:42:40.312 - Execution context closed (NAUTILUS, 1)
2026-01-17 22:42:40.314 - Disconnected (mariaDB-19bca17c439-14bc9eb9e6bd0032)
2026-01-17 22:42:49.416 - Connect with 'NAUTILUS' (mariaDB-19bca17c439-14bc9eb9e6bd0032)
2026-01-17 22:42:49.421 - Execution context opened (NAUTILUS; Main; 7)
2026-01-17 22:42:49.474 - Execution context opened (NAUTILUS; Metadata; 8)
2026-01-17 22:42:49.496 - Connected (mariaDB-19bca17c439-14bc9eb9e6bd0032, MariaDB Connector/J [3.5.2])
