2026-01-16 23:53:52.308 - DBeaver 25.3.2.202601041801 is starting
2026-01-16 23:53:52.346 - OS: Windows 11 10.0 (amd64)
2026-01-16 23:53:52.346 - Java version: 21.0.8 by Eclipse Adoptium (64bit)
2026-01-16 23:53:52.347 - Install path: 'C:\Program Files\DBeaver'
2026-01-16 23:53:52.347 - Instance path: 'file:/S:/Desarrollos/MyPython/PySide6/ARKToolsPC/arktooldatabase/'
2026-01-16 23:53:52.349 - Memory available 64Mb/1024Mb
2026-01-16 23:53:52.359 - Create display
2026-01-16 23:53:52.461 - Initialize desktop platform...
2026-01-16 23:53:52.605 - BounceCastle bundle found. Use JCE provider BC
> Start Core File Systems [org.eclipse.core.filesystem 1.11.400.v20251107-0507]
> Start Core Resource Management [org.eclipse.core.resources 3.23.100.v20251106-1705]
> Start Núcleo del equipo de soporte [org.eclipse.team.core 3.10.900.v20251104-0924]
> Start DBeaver UI Navigator [org.jkiss.dbeaver.ui.navigator 1.0.170.202601041801]
2026-01-16 23:53:52.790 - Initialize base platform...
2026-01-16 23:53:52.800 - send collected statistics
2026-01-16 23:53:52.813 - Platform initialized (351ms)
> Start Equinox Java Authentication and Authorization Service (JAAS) [org.eclipse.equinox.security 1.4.700.v20250622-1644]
> Start Interfaz de usuario de manejo de conexión a Internet [org.eclipse.ui.net 1.5.500.v20250611-0855]
> Start Internet Connection Management [org.eclipse.core.net 1.5.800.v20250613-1119]
2026-01-16 23:53:52.958 - Proxy service 'org.eclipse.core.net.proxy.IProxyService' loaded
2026-01-16 23:53:52.997 - Starting instance server at http://localhost:61309
2026-01-16 23:53:53.003 - Run workbench
> Start SWT del banco de trabajo de Eclipse e4 [org.eclipse.e4.ui.workbench.swt 0.17.1000.v20251023-0611]
> Start Eclipse Application Services [org.eclipse.e4.core.services 2.5.300.v20251112-1253]
> Start Eclipse UI Application Services [org.eclipse.e4.ui.services 1.6.600.v20251023-1358]
> Start Eclipse e4 Progress View [org.eclipse.e4.ui.progress 0.4.900.v20251023-1511]
> Start Eclipse Bindings Support [org.eclipse.e4.ui.bindings 0.14.800.v20250916-0937]
> Start Eclipse e4 core commands [org.eclipse.e4.core.commands 1.1.700.v20250916-0927]
> Start EMF XML/XMI Persistence [org.eclipse.emf.ecore.xmi 2.39.0.v20250910-1205]
> Start Eclipse CSS SWT Theme Support [org.eclipse.e4.ui.css.swt.theme 0.14.600.v20251023-0615]
> Start Extensiones del banco de trabajo de Eclipse e4 [org.eclipse.e4.ui.workbench.addons.swt 1.5.900.v20251007-0832]
Warning: NLS unused message: WorkbenchPreference_reuseEditorsThreshold in: org.eclipse.ui.internal.messages
Warning: NLS unused message: Workbench_missingPropertyMessage in: org.eclipse.ui.internal.messages
> Start Renderizador SWT del banco de trabajo de Eclipse e4 [org.eclipse.e4.ui.workbench.renderers.swt 0.16.1000.v20251114-0005]
> Start Eclipse Dependency Injection Extensions [org.eclipse.e4.core.di.extensions 0.18.300.v20240413-1529]
> Start DBeaver AI Model [org.jkiss.dbeaver.model.ai 2.0.13.202601041801]
> Start DBeaver AI UI [org.jkiss.dbeaver.ui.ai 1.0.72.202601041801]
> Start Eclipse CSS SWT Support [org.eclipse.e4.ui.css.swt 0.15.700.v20251023-1511]
Warning: NLS unused message: UriHandlerPreferencePage_Warning_OtherApp in: org.eclipse.ui.internal.ide.messages
> Start JFace [org.eclipse.jface.text 3.29.0.v20251112-0859]
> Start Editor de texto predeterminado [org.eclipse.ui.editors 3.20.200.v20251125-0939]
> Start Entorno de trabajo [org.eclipse.ui.workbench.texteditor 3.19.400.v20251105-0815]
2026-01-16 23:53:54.684 - Configure workbench window
> Start DBeaver SQL Model [org.jkiss.dbeaver.model.sql 1.0.160.202601041801]
2026-01-16 23:53:54.715 - No SQL dialect specified for data source provider 'stream'. Use default.
2026-01-16 23:53:54.857 - Total database drivers: 127 (127)
> Start Núcleo del sistema de ayuda [org.eclipse.help 3.10.600.v20250613-0437]
2026-01-16 23:53:54.925 - Create actions
2026-01-16 23:53:55.487 - Initialize workbench window
2026-01-16 23:53:55.505 - Finish initialization
> Start DBeaver UI Editors - Data [org.jkiss.dbeaver.ui.editors.data 1.0.170.202601041801]
> Start DBeaver UI Editors - SQL [org.jkiss.dbeaver.ui.editors.sql 1.0.170.202601041801]
> Start DBeaver Sample Database [org.jkiss.dbeaver.ui.config.sample 1.0.207.202601041801]
2026-01-16 23:53:58.088 - Open [https://dbeaver.io/product/version.xml]
> Start DBeaver Dashboard UI [org.jkiss.dbeaver.ui.dashboard 1.0.167.202601041801]
> Start GEF Classic Draw2d [org.eclipse.draw2d 3.21.0.202512020742]
> Start GEF Classic GEF (MVC) [org.eclipse.gef 3.24.0.202511201732]
> Start DBeaver ERD UI [org.jkiss.dbeaver.ui.editors.erd 3.1.11.202601041801]
> Start DBeaver ERD Model [org.jkiss.dbeaver.model.erd 1.1.11.202601041801]
2026-01-16 23:53:58.511 - Connect with 'ArkToolsBD.sqlite' (sqlite_jdbc-19ba64e1cb0-37b25e9d1149d2e4)
> Start DBeaver JDBC Model [org.jkiss.dbeaver.model.jdbc 1.0.63.202601041801]
> Start DBeaver Generic Plug-in [org.jkiss.dbeaver.ext.generic 2.3.256.202601041801]
> Start DBeaver SQLite Model [org.jkiss.dbeaver.ext.sqlite 1.0.219.202601041801]
2026-01-16 23:53:58.580 - Execution context opened (ArkToolsBD.sqlite; Main; 0)
2026-01-16 23:53:58.768 - Connected (sqlite_jdbc-19ba64e1cb0-37b25e9d1149d2e4, SQLite JDBC [3.51.1.0])
> Start DBeaver MySQL UI Support [org.jkiss.dbeaver.ext.mysql.ui 1.0.162.202601041801]
> Start DBeaver MySQL Support [org.jkiss.dbeaver.ext.mysql 2.1.255.202601041801]
2026-01-16 23:55:13.903 - Service 'org.jkiss.dbeaver.ui.UIServiceConnectionEditor' not found
2026-01-16 23:55:13.998 - Service 'org.jkiss.dbeaver.runtime.ui.UIServiceSecurity' not found
2026-01-16 23:56:30.619 - Open [https://repo1.maven.org/maven2/org/mariadb/jdbc/mariadb-java-client/3.5.2/mariadb-java-client-3.5.2.pom]
2026-01-16 23:56:30.959 - Open [https://repo1.maven.org/maven2/org/junit/junit-bom/5.7.0/junit-bom-5.7.0.pom]
2026-01-16 23:56:31.041 - Open [https://repo1.maven.org/maven2/software/amazon/awssdk/bom/2.21.1/bom-2.21.1.pom]
2026-01-16 23:56:31.182 - Open [https://repo1.maven.org/maven2/software/amazon/awssdk/aws-sdk-java-pom/2.21.1/aws-sdk-java-pom-2.21.1.pom]
2026-01-16 23:56:34.052 - Open [https://repo1.maven.org/maven2/org/mariadb/jdbc/mariadb-java-client/3.5.2/mariadb-java-client-3.5.2.jar]
2026-01-16 23:56:34.781 - Connect with 'NAUTILUS' (mariaDB-19bca18ef6f-e2cdebe8615cd4d)
2026-01-16 23:56:34.789 - Execution context opened (NAUTILUS; Main; 1)
> Start DBeaver GIS Support [org.jkiss.dbeaver.data.gis 1.0.194.202601041801]
[ WARN] (Connect to 'NAUTILUS') Error: 1130-HY000: Host '192.168.120.120' is not allowed to connect to this MariaDB server
2026-01-16 23:56:34.972 - Host '192.168.120.120' is not allowed to connect to this MariaDB server
java.sql.SQLException: Host '192.168.120.120' is not allowed to connect to this MariaDB server
	at org.mariadb.jdbc.export.ExceptionFactory.createException(ExceptionFactory.java:306)
	at org.mariadb.jdbc.export.ExceptionFactory.create(ExceptionFactory.java:378)
	at org.mariadb.jdbc.client.impl.StandardClient.throwHandshakeError(StandardClient.java:305)
	at org.mariadb.jdbc.client.impl.StandardClient.handleServerHandshake(StandardClient.java:298)
	at org.mariadb.jdbc.client.impl.StandardClient.setupConnection(StandardClient.java:146)
	at org.mariadb.jdbc.client.impl.StandardClient.<init>(StandardClient.java:127)
	at org.mariadb.jdbc.Driver.connect(Driver.java:75)
	at org.mariadb.jdbc.Driver.connect(Driver.java:104)
	at org.mariadb.jdbc.Driver.connect(Driver.java:29)
	at org.jkiss.dbeaver.model.impl.jdbc.JDBCConnectionOpener.run(JDBCConnectionOpener.java:112)
	at org.jkiss.dbeaver.model.impl.jdbc.JDBCConnectionOpener.run(JDBCConnectionOpener.java:86)
	at org.jkiss.dbeaver.model.impl.jdbc.JDBCDataSource.openConnection(JDBCDataSource.java:215)
	at org.jkiss.dbeaver.model.impl.jdbc.JDBCDataSource.openConnection(JDBCDataSource.java:133)
	at org.jkiss.dbeaver.ext.mysql.model.MySQLDataSource.openConnection(MySQLDataSource.java:516)
	at org.jkiss.dbeaver.model.impl.jdbc.JDBCExecutionContext.connect(JDBCExecutionContext.java:111)
	at org.jkiss.dbeaver.model.impl.jdbc.JDBCRemoteInstance.initializeMainContext(JDBCRemoteInstance.java:105)
	at org.jkiss.dbeaver.model.impl.jdbc.JDBCRemoteInstance.<init>(JDBCRemoteInstance.java:60)
	at org.jkiss.dbeaver.model.impl.jdbc.JDBCDataSource.initializeRemoteInstance(JDBCDataSource.java:125)
	at org.jkiss.dbeaver.model.impl.jdbc.JDBCDataSource.<init>(JDBCDataSource.java:109)
	at org.jkiss.dbeaver.model.impl.jdbc.JDBCDataSource.<init>(JDBCDataSource.java:100)
	at org.jkiss.dbeaver.ext.mysql.model.MySQLDataSource.<init>(MySQLDataSource.java:123)
	at org.jkiss.dbeaver.ext.mysql.model.MySQLDataSource.<init>(MySQLDataSource.java:118)
	at org.jkiss.dbeaver.ext.mysql.MySQLDataSourceProvider.openDataSource(MySQLDataSourceProvider.java:155)
	at org.jkiss.dbeaver.registry.DataSourceDescriptor.openDataSource(DataSourceDescriptor.java:1374)
	at org.jkiss.dbeaver.registry.DataSourceDescriptor.connect0(DataSourceDescriptor.java:1232)
	at org.jkiss.dbeaver.registry.DataSourceDescriptor.connect(DataSourceDescriptor.java:1066)
	at org.jkiss.dbeaver.runtime.jobs.ConnectJob.run(ConnectJob.java:79)
	at org.jkiss.dbeaver.runtime.jobs.ConnectionTestJob.run(ConnectionTestJob.java:104)
	at org.jkiss.dbeaver.model.runtime.AbstractJob.run(AbstractJob.java:110)
	at org.eclipse.core.internal.jobs.Worker.run(Worker.java:63)
2026-01-16 23:57:44.553 - Connect with 'NAUTILUS' (mariaDB-19bca1a10d0-77b07bf5a201fd32)
2026-01-16 23:57:44.555 - Execution context opened (NAUTILUS; Main; 2)
[ WARN] (Connect to 'NAUTILUS') Error: 1130-HY000: Host '192.168.120.120' is not allowed to connect to this MariaDB server
2026-01-16 23:57:44.633 - Host '192.168.120.120' is not allowed to connect to this MariaDB server
java.sql.SQLException: Host '192.168.120.120' is not allowed to connect to this MariaDB server
	at org.mariadb.jdbc.export.ExceptionFactory.createException(ExceptionFactory.java:306)
	at org.mariadb.jdbc.export.ExceptionFactory.create(ExceptionFactory.java:378)
	at org.mariadb.jdbc.client.impl.StandardClient.throwHandshakeError(StandardClient.java:305)
	at org.mariadb.jdbc.client.impl.StandardClient.handleServerHandshake(StandardClient.java:298)
	at org.mariadb.jdbc.client.impl.StandardClient.setupConnection(StandardClient.java:146)
	at org.mariadb.jdbc.client.impl.StandardClient.<init>(StandardClient.java:127)
	at org.mariadb.jdbc.Driver.connect(Driver.java:75)
	at org.mariadb.jdbc.Driver.connect(Driver.java:104)
	at org.mariadb.jdbc.Driver.connect(Driver.java:29)
	at org.jkiss.dbeaver.model.impl.jdbc.JDBCConnectionOpener.run(JDBCConnectionOpener.java:112)
	at org.jkiss.dbeaver.model.impl.jdbc.JDBCConnectionOpener.run(JDBCConnectionOpener.java:86)
	at org.jkiss.dbeaver.model.impl.jdbc.JDBCDataSource.openConnection(JDBCDataSource.java:215)
	at org.jkiss.dbeaver.model.impl.jdbc.JDBCDataSource.openConnection(JDBCDataSource.java:133)
	at org.jkiss.dbeaver.ext.mysql.model.MySQLDataSource.openConnection(MySQLDataSource.java:516)
	at org.jkiss.dbeaver.model.impl.jdbc.JDBCExecutionContext.connect(JDBCExecutionContext.java:111)
	at org.jkiss.dbeaver.model.impl.jdbc.JDBCRemoteInstance.initializeMainContext(JDBCRemoteInstance.java:105)
	at org.jkiss.dbeaver.model.impl.jdbc.JDBCRemoteInstance.<init>(JDBCRemoteInstance.java:60)
	at org.jkiss.dbeaver.model.impl.jdbc.JDBCDataSource.initializeRemoteInstance(JDBCDataSource.java:125)
	at org.jkiss.dbeaver.model.impl.jdbc.JDBCDataSource.<init>(JDBCDataSource.java:109)
	at org.jkiss.dbeaver.model.impl.jdbc.JDBCDataSource.<init>(JDBCDataSource.java:100)
	at org.jkiss.dbeaver.ext.mysql.model.MySQLDataSource.<init>(MySQLDataSource.java:123)
	at org.jkiss.dbeaver.ext.mysql.model.MySQLDataSource.<init>(MySQLDataSource.java:118)
	at org.jkiss.dbeaver.ext.mysql.MySQLDataSourceProvider.openDataSource(MySQLDataSourceProvider.java:155)
	at org.jkiss.dbeaver.registry.DataSourceDescriptor.openDataSource(DataSourceDescriptor.java:1374)
	at org.jkiss.dbeaver.registry.DataSourceDescriptor.connect0(DataSourceDescriptor.java:1232)
	at org.jkiss.dbeaver.registry.DataSourceDescriptor.connect(DataSourceDescriptor.java:1066)
	at org.jkiss.dbeaver.runtime.jobs.ConnectJob.run(ConnectJob.java:79)
	at org.jkiss.dbeaver.runtime.jobs.ConnectionTestJob.run(ConnectionTestJob.java:104)
	at org.jkiss.dbeaver.model.runtime.AbstractJob.run(AbstractJob.java:110)
	at org.eclipse.core.internal.jobs.Worker.run(Worker.java:63)
2026-01-17 00:10:50.155 - Connect with 'NAUTILUS' (mariaDB-19bca260d90-6de4918534b619cb)
2026-01-17 00:10:50.157 - Execution context opened (NAUTILUS; Main; 3)
[ WARN] (Connect to 'NAUTILUS') Error: 1130-HY000: Host '192.168.120.120' is not allowed to connect to this MariaDB server
2026-01-17 00:10:50.237 - Host '192.168.120.120' is not allowed to connect to this MariaDB server
java.sql.SQLException: Host '192.168.120.120' is not allowed to connect to this MariaDB server
	at org.mariadb.jdbc.export.ExceptionFactory.createException(ExceptionFactory.java:306)
	at org.mariadb.jdbc.export.ExceptionFactory.create(ExceptionFactory.java:378)
	at org.mariadb.jdbc.client.impl.StandardClient.throwHandshakeError(StandardClient.java:305)
	at org.mariadb.jdbc.client.impl.StandardClient.handleServerHandshake(StandardClient.java:298)
	at org.mariadb.jdbc.client.impl.StandardClient.setupConnection(StandardClient.java:146)
	at org.mariadb.jdbc.client.impl.StandardClient.<init>(StandardClient.java:127)
	at org.mariadb.jdbc.Driver.connect(Driver.java:75)
	at org.mariadb.jdbc.Driver.connect(Driver.java:104)
	at org.mariadb.jdbc.Driver.connect(Driver.java:29)
	at org.jkiss.dbeaver.model.impl.jdbc.JDBCConnectionOpener.run(JDBCConnectionOpener.java:112)
	at org.jkiss.dbeaver.model.impl.jdbc.JDBCConnectionOpener.run(JDBCConnectionOpener.java:86)
	at org.jkiss.dbeaver.model.impl.jdbc.JDBCDataSource.openConnection(JDBCDataSource.java:215)
	at org.jkiss.dbeaver.model.impl.jdbc.JDBCDataSource.openConnection(JDBCDataSource.java:133)
	at org.jkiss.dbeaver.ext.mysql.model.MySQLDataSource.openConnection(MySQLDataSource.java:516)
	at org.jkiss.dbeaver.model.impl.jdbc.JDBCExecutionContext.connect(JDBCExecutionContext.java:111)
	at org.jkiss.dbeaver.model.impl.jdbc.JDBCRemoteInstance.initializeMainContext(JDBCRemoteInstance.java:105)
	at org.jkiss.dbeaver.model.impl.jdbc.JDBCRemoteInstance.<init>(JDBCRemoteInstance.java:60)
	at org.jkiss.dbeaver.model.impl.jdbc.JDBCDataSource.initializeRemoteInstance(JDBCDataSource.java:125)
	at org.jkiss.dbeaver.model.impl.jdbc.JDBCDataSource.<init>(JDBCDataSource.java:109)
	at org.jkiss.dbeaver.model.impl.jdbc.JDBCDataSource.<init>(JDBCDataSource.java:100)
	at org.jkiss.dbeaver.ext.mysql.model.MySQLDataSource.<init>(MySQLDataSource.java:123)
	at org.jkiss.dbeaver.ext.mysql.model.MySQLDataSource.<init>(MySQLDataSource.java:118)
	at org.jkiss.dbeaver.ext.mysql.MySQLDataSourceProvider.openDataSource(MySQLDataSourceProvider.java:155)
	at org.jkiss.dbeaver.registry.DataSourceDescriptor.openDataSource(DataSourceDescriptor.java:1374)
	at org.jkiss.dbeaver.registry.DataSourceDescriptor.connect0(DataSourceDescriptor.java:1232)
	at org.jkiss.dbeaver.registry.DataSourceDescriptor.connect(DataSourceDescriptor.java:1066)
	at org.jkiss.dbeaver.runtime.jobs.ConnectJob.run(ConnectJob.java:79)
	at org.jkiss.dbeaver.runtime.jobs.ConnectionTestJob.run(ConnectionTestJob.java:104)
	at org.jkiss.dbeaver.model.runtime.AbstractJob.run(AbstractJob.java:110)
	at org.eclipse.core.internal.jobs.Worker.run(Worker.java:63)
2026-01-17 00:33:05.401 - Connect with 'NAUTILUS' (mariaDB-19bca3a6d56-4c42fafa19ede256)
2026-01-17 00:33:05.405 - Execution context opened (NAUTILUS; Main; 4)
2026-01-17 00:33:05.534 - Connected (mariaDB-19bca3a6d56-4c42fafa19ede256, MariaDB Connector/J [3.5.2])
2026-01-17 00:33:05.548 - Execution context closed (NAUTILUS, 4)
2026-01-17 00:33:05.549 - Disconnected (mariaDB-19bca3a6d56-4c42fafa19ede256)
2026-01-17 00:33:27.597 - Connect with 'NAUTILUS' (mariaDB-19bca17c439-14bc9eb9e6bd0032)
2026-01-17 00:33:27.598 - Execution context opened (NAUTILUS; Main; 5)
2026-01-17 00:33:27.602 - Execution context opened (NAUTILUS; Metadata; 6)
2026-01-17 00:33:27.616 - Connected (mariaDB-19bca17c439-14bc9eb9e6bd0032, MariaDB Connector/J [3.5.2])
2026-01-17 00:37:04.410 - Dispose navigator model
2026-01-17 00:37:04.445 - DBeaver is stopping
2026-01-17 00:37:04.447 - Stop instance server
2026-01-17 00:37:05.451 - Instance server has been stopped
2026-01-17 00:37:05.451 - DBeaver shutdown completed
