1926:APP_OPEN:startTime=1768673172582
4263:GENERAL_SHOW_PERSPECTIVE:perspective=org.jkiss.dbeaver.core.perspective
37466:GENERAL_VIEW_OPEN:view=org.jkiss.dbeaver.core.databaseNavigator
41889:CONNECTION_OPEN:origin=local&driver=mysql:mariaDB
97944:SQL_EDITOR_OPEN:driver=mysql:mariaDB
2353467:SQL_EDITOR_SHOW_LOG
2891174:SQL_EDITOR_OPEN:driver=mysql:mariaDB
3404035:SQL_EDITOR_OPEN:driver=mysql:mariaDB
4121069:SQL_EDITOR_OPEN:driver=mysql:mariaDB
4167062:SQL_EDITOR_EXECUTE_SCRIPT
4215287:SQL_EDITOR_SHOW_LOG
4271431:SQL_EDITOR_OPEN:driver=mysql:mariaDB
4399417:SQL_EDITOR_SHOW_VARIABLES
4403497:SQL_EDITOR_SHOW_VARIABLES
4411441:SQL_EDITOR_SHOW_OUTPUT
4414001:SQL_EDITOR_SHOW_OUTPUT
4500045:ENTITY_EDITOR_OPEN:className=MySQLTableColumn&driver=mysql:mariaDB
4525367:ENTITY_EDITOR_OPEN:className=MySQLCatalog&driver=mysql:mariaDB
30997095:ENTITY_EDITOR_OPEN:className=MySQLTableColumn&driver=mysql:mariaDB
30997970:ENTITY_EDITOR_OPEN:className=MySQLCatalog&driver=mysql:mariaDB
